C51 COMPILER V9.59.0.0   AIP650                                                            04/08/2021 12:36:05 PAGE 1   


C51 COMPILER V9.59.0.0, COMPILATION OF MODULE AIP650
OBJECT MODULE PLACED IN .\Objects\AIP650.obj
COMPILER INVOKED BY: D:\Keil\C51\BIN\C51.EXE HARDWARE\AIP650\AIP650.c OPTIMIZE(8,SPEED) BROWSE INCDIR(.\MAIN;.\delay;.\H
                    -ARDWARE\AIP650;.\HARDWARE\GUI;.\HARDWARE\PWM;.\HARDWARE\EEPROM;.\HARDWARE\ADC;.\HARDWARE\UART;.\HARDWARE\IR) DEBUG OBJEC
                    -TEXTEND PRINT(.\Listings\AIP650.lst) TABS(2) OBJECT(.\Objects\AIP650.obj)

line level    source

   1          #include "STC8G.H"
   2          #include "main.h"
   3          #include "AIP650.h"
   4          #include "delay.h"
   5          //#include  "uart.h"
   6          #include <stdio.h>
   7          #include "EEPROM.h"
   8          #include "GUI.h"
   9          
  10          u8 data Bri_bit; //数码管亮度调节
  11          
  12          extern u8 menu;      //菜单
  13          extern u8 menu_flag; //菜单标志
  14          extern u8 PA_flag;   //密码位数标志
  15          extern u8 freq_flag; //频率/声音显示标志
  16          extern u8 voiceFlag;
  17          
  18          //数码管0-9显示代码
  19          //--------------------------------0----1----2----3---4----5----6----7----8----9----10---11---12---13---14-
             ---15---16---17---18
  20          //                                0    1    2    3   4    5    6    7    8    9    -    A    b    c    d  
             -  e    f     h
  21          u8 DISPLAY_CODE[19] = {0x3f, 0x06, 0x5b, 0x4f, 0x66, 0x6d, 0x7d, 0x07, 0x7f, 0x6f, 0x40, 0x77, 0x7c, 0x39,
             - 0x5e, 0x79, 0x71, 0x76, 0x00};
  22          //数码管位数                      1    2    3    4
  23          u8 DIG_BIT_CODE[4] = {0x68, 0x6a, 0x6c, 0x6e};
  24          //8段显示亮度等级                 1    2    3    4    5    6    7   8
  25          u8 Light_Level_CODE[8] = {0x11, 0x21, 0x31, 0x41, 0x51, 0x61, 0x71, 0x01};
  26          
  27          //----IIC_1开始信号-----------------------------------
  28          void I2CStart(void)
  29          {
  30   1        CLK_H;
  31   1        DIO_H;
  32   1        Delay_us(5);
  33   1        DIO_L;
  34   1      }
  35          
  36          //----IIC_2开始信号-----------------------------------
  37          void I2CStart_1(void)
  38          {
  39   1        CLK1_H;
  40   1        DIO1_H;
  41   1        Delay_us(5);
  42   1        DIO1_L;
  43   1      }
  44          
  45          //----ACK_1信号-----------------------------------
  46          void I2Cask(void)
  47          {
  48   1        u8 timeout = 1;  
  49   1        CLK_H;
  50   1        Delay_us(5);
C51 COMPILER V9.59.0.0   AIP650                                                            04/08/2021 12:36:05 PAGE 2   

  51   1        CLK_L;
  52   1        while ((DIO) && (timeout <= 100))
  53   1        {
  54   2          timeout++;
  55   2        }
  56   1        Delay_us(5);
  57   1        CLK1_L;
  58   1      }
  59          
  60          //----ACK_2信号-----------------------------------
  61          void I2Cask_1(void)
  62          {
  63   1        u8 timeout = 1;
  64   1        CLK1_H;
  65   1        Delay_us(5);
  66   1        CLK1_L;
  67   1        while ((DIO1) && (timeout <= 100))
  68   1        {
  69   2          timeout++;
  70   2        }
  71   1        Delay_us(5);
  72   1        CLK1_L;
  73   1      }
  74          
  75          //----停止信号------------------------------------
  76          void I2CStop(void)
  77          {
  78   1        CLK_H;
  79   1        DIO_L;
  80   1        Delay_us(5);
  81   1        DIO_H;
  82   1      }
  83          
  84          //----停止信号------------------------------------
  85          void I2CStop_1(void)
  86          {
  87   1        CLK1_H;
  88   1        DIO1_L;
  89   1        Delay_us(5);
  90   1        DIO1_H;
  91   1      }
  92          
  93          //----写一个字节高位在前，低位在后-----------------
  94          void I2CWrByte(u8 oneByte)
  95          {
  96   1        u8 i;
  97   1        CLK_L;
  98   1        Delay_us(1);
  99   1        for (i = 0; i < 8; i++)
 100   1        {
 101   2          oneByte = oneByte << 1;
 102   2          DIO = CY;
 103   2          CLK_L;
 104   2          Delay_us(5);
 105   2          CLK_H;
 106   2          Delay_us(5);
 107   2          CLK_L;
 108   2        }
 109   1      }
 110          
 111          //----写一个字节高位在前，低位在后-----------------
 112          void I2CWrByte_1(u8 oneByte)
C51 COMPILER V9.59.0.0   AIP650                                                            04/08/2021 12:36:05 PAGE 3   

 113          {
 114   1        u8 i;
 115   1        CLK1_L;
 116   1        Delay_us(1);
 117   1        for (i = 0; i < 8; i++)
 118   1        {
 119   2          oneByte = oneByte << 1;
 120   2          DIO1 = CY;
 121   2          CLK1_L;
 122   2          Delay_us(5);
 123   2          CLK1_H;
 124   2          Delay_us(5);
 125   2          CLK1_L;
 126   2        }
 127   1      }
 128          
 129          /************************************************** 
 130            功能描述: //后4位数码管显示
 131            入口参数：
 132            说    明：                        
 133          **************************************************/
 134          void AiP650_Set(u8 add, u8 dat) //数码管显示
 135          {
 136   1        //写显存必须从高地址开始写
 137   1        I2CStart();
 138   1        I2CWrByte(add); //第一个显存地址
 139   1        I2Cask();
 140   1        I2CWrByte(dat);
 141   1        I2Cask();
 142   1        I2CStop();
 143   1      }
 144          
 145          
 146          /**
 147           * @brief  前4位数码管显示
 148           * @note   每次点亮其中数字
 149           * @param  add: 
 150           * @param  dat: 
 151           * @retval None
 152           */
 153          void AiP650_Set_1(u8 add, u8 dat) //数码管显示
 154          {
 155   1        //写显存必须从高地址开始写
 156   1        I2CStart_1();
 157   1        I2CWrByte_1(add); //第一个显存地址
 158   1        I2Cask_1();
 159   1        I2CWrByte_1(dat);
 160   1        I2Cask_1();
 161   1        I2CStop_1();
 162   1      }
 163          
 164          
 165          /**
 166           * @brief  后4位数码管全显 显示一个四位数 （0-9999）带点
 167           * @note   
 168           * @param  Display_num: 
 169           * @retval None
 170           */
 171          void AiP650_DisPlayFour(u16 Display_num)
 172          {
 173   1        u8 Temp[4];
 174   1      
C51 COMPILER V9.59.0.0   AIP650                                                            04/08/2021 12:36:05 PAGE 4   

 175   1        Temp[0] = Display_num % 10000 / 1000;
 176   1        Temp[1] = Display_num % 1000 / 100;
 177   1        Temp[2] = Display_num % 100 / 10;
 178   1        Temp[3] = Display_num % 10;
 179   1      
 180   1        AiP650_Set(0x68, DISPLAY_CODE[Temp[0]]);
 181   1        AiP650_Set(0x6A, DISPLAY_CODE[Temp[1]]);
 182   1        AiP650_Set(0x6C, DISPLAY_CODE[Temp[2]]); //加点   AiP650_Set(0x6C,DISPLAY_CODE[Temp[2]]|0x80);
 183   1        AiP650_Set(0x6E, DISPLAY_CODE[Temp[3]]);
 184   1      }
 185          
 186          
 187          /**
 188           * @brief  前4位数码管全显 显示一个四位数 （0-9999）
 189           * @note   
 190           * @param  Display_num: 
 191           * @retval None
 192           */
 193          void AiP650_DisPlayFour_1(u16 Display_num)
 194          {
 195   1        u8 Temp[4];
 196   1        Temp[0] = Display_num % 10000 / 1000;
 197   1        Temp[1] = Display_num % 1000 / 100;
 198   1        Temp[2] = Display_num % 100 / 10;
 199   1        Temp[3] = Display_num % 10;
 200   1      
 201   1        AiP650_Set_1(0x68, DISPLAY_CODE[Temp[0]]);
 202   1        AiP650_Set_1(0x6A, DISPLAY_CODE[Temp[1]]);
 203   1        AiP650_Set_1(0x6C, DISPLAY_CODE[Temp[2]]); //加点   AiP650_Set(0x6C,DISPLAY_CODE[Temp[2]]|0x80);
 204   1        AiP650_Set_1(0x6E, DISPLAY_CODE[Temp[3]]); //SW1=0;}
 205   1         if (voiceFlag==1)
 206   1        {
 207   2         AiP650_Set_1(0x6E, DISPLAY_CODE[Temp[3]]|0x80); 
 208   2        }else{
 209   2          AiP650_Set_1(0x6E, DISPLAY_CODE[Temp[3]]);
 210   2        }
 211   1      }
 212          
 213          /************************************************** 
 214            功能描述: //设置后4位数码管亮度等级 1-8级
 215            入口参数：
 216            说    明：                        
 217          **************************************************/
 218          void Light_Level_Set(u8 Level)
 219          {
 220   1        AiP650_Set(0x48, Light_Level_CODE[Level - 1]);
 221   1      }
 222          
 223          /************************************************** 
 224            功能描述: //设置前4位数码管亮度等级 1-8级
 225            入口参数：
 226            说    明：                        
 227          **************************************************/
 228          void Light_Level_Set_1(u8 Level)
 229          {
 230   1        AiP650_Set_1(0x48, Light_Level_CODE[Level - 1]);
 231   1      }
 232          
 233          


MODULE INFORMATION:   STATIC OVERLAYABLE
C51 COMPILER V9.59.0.0   AIP650                                                            04/08/2021 12:36:05 PAGE 5   

   CODE SIZE        =    631    ----
   CONSTANT SIZE    =   ----    ----
   XDATA SIZE       =   ----    ----
   PDATA SIZE       =   ----    ----
   DATA SIZE        =     32      18
   IDATA SIZE       =   ----    ----
   BIT SIZE         =   ----    ----
END OF MODULE INFORMATION.


C51 COMPILATION COMPLETE.  0 WARNING(S),  0 ERROR(S)
