C51 COMPILER V9.59.0.0   DELAY                                                             04/08/2021 12:43:02 PAGE 1   


C51 COMPILER V9.59.0.0, COMPILATION OF MODULE DELAY
OBJECT MODULE PLACED IN .\Objects\delay.obj
COMPILER INVOKED BY: D:\Keil\C51\BIN\C51.EXE delay\delay.c OPTIMIZE(8,SPEED) BROWSE INCDIR(.\MAIN;.\delay;.\HARDWARE\AIP
                    -650;.\HARDWARE\GUI;.\HARDWARE\PWM;.\HARDWARE\EEPROM;.\HARDWARE\ADC;.\HARDWARE\UART;.\HARDWARE\IR) DEBUG OBJECTEXTEND PRI
                    -NT(.\Listings\delay.lst) TABS(2) OBJECT(.\Objects\delay.obj)

line level    source

   1          #include "STC8.H"
   2          #include "delay.h"
   3          #include <intrins.h>
   4          
   5          /*
   6          24MHz主频下 
   7          在示波器下看
   8          一个语句的时间大概是 0.8us
   9          */
  10          
  11          /***********************
  12          功能描述：2微秒 延时
  13          入口参数：无
  14          返回值：无
  15          //此函数是以2us的倍数增加
  16          //t  2us的倍数
  17          ************************/
  18          /*
  19          void delay2us(u16 us)
  20           {
  21            u16 i;
  22            u8 m;
  23            for(i=0;i<us;i++)
  24            for(m=0;m<3;m++);
  25           }
  26          */
  27          
  28          /***********************
  29          功能描述：4微秒 延时
  30          入口参数：无
  31          返回值：无
  32          //此函数是以4us的倍数增加
  33          //t  4us的倍数
  34          ************************/
  35          /*
  36          void delay4us(u16 us)
  37           {
  38            u16 i;
  39            u8 m;
  40            for(i=0;i<us;i++)
  41            for(m=0;m<5;m++);
  42           }  
  43          */
  44          
  45          /***********************
  46          功能描述：1毫秒 延时
  47          入口参数：无
  48          返回值：无
  49          //ms 1ms的倍数
  50          ************************/
  51          /*
  52          void delay1ms(u16 ms)
  53          {
C51 COMPILER V9.59.0.0   DELAY                                                             04/08/2021 12:43:02 PAGE 2   

  54           u16 m;
  55           for(m=0;m<ms;m++)
  56           delay4us(250);
  57          } 
  58          */
  59          
  60          void delay_ms(unsigned int ms)
  61          {
  62   1        unsigned int a;
  63   1        while (ms)
  64   1        {
  65   2          a = 1800;
  66   2          while (a--)
  67   2            ;
  68   2          ms--;
  69   2        }
  70   1        return;
  71   1      }
  72          
  73          /***********************
  74          功能描述：微秒  延时
  75          入口参数：无
  76          返回值：无
  77          ************************/
  78          
  79          void Delay_us(u16 x) //us延时
  80          {
  81   1        for (; x > 0; x--)
  82   1        {
  83   2          _nop_();
  84   2          _nop_();
  85   2          _nop_();
  86   2          _nop_();
  87   2          _nop_();
  88   2        }
  89   1      }
  90          
  91          /*
  92          void T_Delay_us(u16 n)
  93          {
  94            unsigned int i;
  95            while(n--)
  96            {
  97              i=11;
  98            while(i--);
  99            }
 100          }
 101          */
 102          
 103          /**************************************
 104          功能描述：延时函数
 105          入口参数：uint16 x ，该值为1时，延时1ms
 106          返回值：无
 107          ***************************************/
 108          /*
 109          void delay_ms(u16 x) 
 110          {  
 111            uint16 j,i;   
 112            for(j=0;j<x;j++)   
 113            {    
 114              for(i=0;i<1100;i++);   
 115            }  
C51 COMPILER V9.59.0.0   DELAY                                                             04/08/2021 12:43:02 PAGE 3   

 116          }
 117          */
 118          
 119          /***********************
 120          功能描述：红外专用 延时
 121          入口参数：无
 122          返回值：无
 123          ************************/
 124          /*
 125          void delaylow(u8 time)       //红外专用 延时
 126          {
 127           u8 i,j;
 128           for(i=0;i<time;i++)
 129            for(j=0;j<100;j++);
 130          }
 131          */


MODULE INFORMATION:   STATIC OVERLAYABLE
   CODE SIZE        =     48    ----
   CONSTANT SIZE    =   ----    ----
   XDATA SIZE       =   ----    ----
   PDATA SIZE       =   ----    ----
   DATA SIZE        =   ----    ----
   IDATA SIZE       =   ----    ----
   BIT SIZE         =   ----    ----
END OF MODULE INFORMATION.


C51 COMPILATION COMPLETE.  0 WARNING(S),  0 ERROR(S)
