C51 COMPILER V9.59.0.0   GUI                                                               04/08/2021 12:36:05 PAGE 1   


C51 COMPILER V9.59.0.0, COMPILATION OF MODULE GUI
OBJECT MODULE PLACED IN .\Objects\GUI.obj
COMPILER INVOKED BY: D:\Keil\C51\BIN\C51.EXE HARDWARE\GUI\GUI.c OPTIMIZE(8,SPEED) BROWSE INCDIR(.\MAIN;.\delay;.\HARDWAR
                    -E\AIP650;.\HARDWARE\GUI;.\HARDWARE\PWM;.\HARDWARE\EEPROM;.\HARDWARE\ADC;.\HARDWARE\UART;.\HARDWARE\IR) DEBUG OBJECTEXTEN
                    -D PRINT(.\Listings\GUI.lst) TABS(2) OBJECT(.\Objects\GUI.obj)

line level    source

   1          #include "STC8G.H"
   2          #include "GUI.h"
   3          #include "main.h"
   4          #include "delay.h"
   5          #include "AIP650.h"
   6          #include "EEPROM.h"
   7          #include "uart.h"
   8          
   9          //通过extern可以合法使用已经定义的外部变量
  10          extern u8 DISPLAY_CODE[19];
  11          extern u8 Freq_Parm;    //频率
  12          extern u16 ALARM_NUMBER;  //报警人数
  13          extern u16 PEOPLE_NUMBER; //经过人数
  14          extern u8 alarmLine;
  15          u8 menuFlag = 0;   //菜单标志      0:未点击按键前的样子  1：输入密码    2:灵敏度调节   4:密码重置
  16          u8 psDigits = 0;   //正在修改的密码位数
  17          u8 flash_flag = 0; //闪烁标志
  18          u8 flash_M = 0;    //闪烁计数
  19          u8 voiceFlag = 0;  // 蜂鸣器开关 0：开 1：关
  20          u8 longPress = 0;  //0:短按  1：进入长按准备环节  2：已经进入长按环节
  21          u8 isPressed;    //点击后松开的按键
  22          u8 pressCounts;    //按钮长按的计数
  23          
  24          
  25          u8 dB; //灵敏度
  26          //--------保存EEPROM中的密码-------------
  27          u8 mima1 = 0;
  28          u8 mima2 = 0;
  29          u8 mima3 = 0;
  30          u8 mima4 = 0;
  31          //--------输入密码-------------
  32          u8 mima5 = 1;
  33          u8 mima6 = 2;
  34          u8 mima7 = 3;
  35          u8 mima8 = 4;
  36          
  37          /**
  38           * @brief  菜单UI
  39           * @note   
  40           * @retval None
  41           */
  42          void menuUI()
  43          {
  44   1        switch (menuFlag)
  45   1        {
  46   2        case 0:
  47   2          psDigits = 0;
  48   2          if (longPress==0)
  49   2          {
  50   3          AiP650_DisPlayFour(PEOPLE_NUMBER);
  51   3          AiP650_DisPlayFour_1(ALARM_NUMBER); 
  52   3          }
  53   2          break;
C51 COMPILER V9.59.0.0   GUI                                                               04/08/2021 12:36:05 PAGE 2   

  54   2        case 1:
  55   2          passwordUI();
  56   2          break;
  57   2        case 2:
  58   2          dBShow();
  59   2          psDigits = 0;
  60   2          break;
  61   2        case 3:
  62   2          //显示频率
  63   2          AiP650_Set_1(0x68, DISPLAY_CODE[16]); //F
  64   2          AiP650_Set_1(0x6A, DISPLAY_CODE[10]);
  65   2          AiP650_Set_1(0x6C, DISPLAY_CODE[Freq_Parm % 100 / 10]);
  66   2          AiP650_Set_1(0x6E, DISPLAY_CODE[Freq_Parm % 10]);
  67   2          break;
  68   2        case 4:
  69   2          passwordUI();
  70   2          break;
  71   2        default:
  72   2          break;
  73   2        }
  74   1      }
  75          
  76          /**
  77           * @brief  密码显示页
  78           * @note   
  79           * @retval None
  80           */
  81          void passwordUI()
  82          {
  83   1        /***********数码管点闪烁标志-start***********/
  84   1        flash_M++;
  85   1        if (flash_M < 120)
  86   1        {
  87   2          flash_flag = 1;
  88   2        }
  89   1        if (flash_M > 120)
  90   1        {
  91   2          flash_flag = 0;
  92   2        }
  93   1        if (flash_M == 240)
  94   1        {
  95   2          flash_M = 0;
  96   2        }
  97   1        /****************-end*******************/
  98   1      
  99   1        AiP650_Set_1(0x68, DISPLAY_CODE[mima5]);
 100   1        AiP650_Set_1(0x6A, DISPLAY_CODE[mima6]);
 101   1        AiP650_Set_1(0x6C, DISPLAY_CODE[mima7]);
 102   1        AiP650_Set_1(0x6E, DISPLAY_CODE[mima8]);
 103   1        switch (psDigits)
 104   1        {
 105   2        case 0:
 106   2          switch (flash_flag)
 107   2          {
 108   3          case 0:
 109   3            AiP650_Set_1(0x68, DISPLAY_CODE[mima5]);
 110   3            break;
 111   3          case 1: //当flage变成1时 点亮数字旁的点
 112   3            AiP650_Set_1(0x68, DISPLAY_CODE[mima5] | 0x80);
 113   3            break;
 114   3          default:
 115   3            break;
C51 COMPILER V9.59.0.0   GUI                                                               04/08/2021 12:36:05 PAGE 3   

 116   3          }
 117   2          break;
 118   2          break;
 119   2        case 1:
 120   2          switch (flash_flag)
 121   2          {
 122   3          case 0:
 123   3            AiP650_Set_1(0x6A, DISPLAY_CODE[mima6]);
 124   3            break;
 125   3          case 1:
 126   3            AiP650_Set_1(0x6A, DISPLAY_CODE[mima6] | 0x80);
 127   3            break;
 128   3          default:
 129   3            break;
 130   3          }
 131   2          break;
 132   2          break;
 133   2        case 2:
 134   2          switch (flash_flag)
 135   2          {
 136   3          case 0:
 137   3            AiP650_Set_1(0x6C, DISPLAY_CODE[mima7]);
 138   3            break;
 139   3          case 1:
 140   3            AiP650_Set_1(0x6C, DISPLAY_CODE[mima7] | 0x80);
 141   3            break;
 142   3          default:
 143   3            break;
 144   3          }
 145   2          break;
 146   2        case 3:
 147   2          switch (flash_flag)
 148   2          {
 149   3          case 0:
 150   3            AiP650_Set_1(0x6E, DISPLAY_CODE[mima8]);
 151   3            break;
 152   3          case 1:
 153   3            AiP650_Set_1(0x6E, DISPLAY_CODE[mima8] | 0x80);
 154   3            break;
 155   3          default:
 156   3            break;
 157   3          }
 158   2          break;
 159   2      
 160   2        default:
 161   2          break;
 162   2        }
 163   1      }
 164          
 165          /**
 166           * @brief  增加键的点击事件处理函数
 167           * @note   
 168           * @retval None
 169           */
 170          void add()
 171          {
 172   1        switch (menuFlag)
 173   1        {
 174   2        case 0:
 175   2          menuFlag = 3;
 176   2          UartSend(Freq_Parm);
 177   2          break;
C51 COMPILER V9.59.0.0   GUI                                                               04/08/2021 12:36:05 PAGE 4   

 178   2          //---密码调节---------------------------------
 179   2        case 1:
 180   2          switch (psDigits)
 181   2          {
 182   3          case 0:
 183   3            mima5++;
 184   3            if (mima5 > 9)
 185   3              mima5 = 0;
 186   3            break;
 187   3          case 1:
 188   3            mima6++;
 189   3            if (mima6 > 9)
 190   3              mima6 = 0;
 191   3            break;
 192   3          case 2:
 193   3            mima7++;
 194   3            if (mima7 > 9)
 195   3              mima7 = 0;
 196   3            break;
 197   3          case 3:
 198   3            mima8++;
 199   3            if (mima8 > 9)
 200   3              mima8 = 0;
 201   3            break;
 202   3          }
 203   2          break;
 204   2          //---灵敏度调节---------------------------------
 205   2        case 2:
 206   2          dB++;
 207   2          if (dB > 100)
 208   2            dB = 1;
 209   2          break;
 210   2          //---频率调节---------------------------------
 211   2        case 3:
 212   2          Freq_Parm++;
 213   2          if (Freq_Parm > 9)
 214   2            Freq_Parm = 1;
 215   2          break;
 216   2        case 4:
 217   2          //密码重置
 218   2          switch (psDigits)
 219   2          {
 220   3          case 0:
 221   3            mima5++;
 222   3            if (mima5 > 9)
 223   3              mima5 = 0;
 224   3            break;
 225   3          case 1:
 226   3            mima6++;
 227   3            if (mima6 > 9)
 228   3              mima6 = 0;
 229   3            break;
 230   3          case 2:
 231   3            mima7++;
 232   3            if (mima7 > 9)
 233   3              mima7 = 0;
 234   3            break;
 235   3          case 3:
 236   3            mima8++;
 237   3            if (mima8 > 9)
 238   3              mima8 = 0;
 239   3            break;
C51 COMPILER V9.59.0.0   GUI                                                               04/08/2021 12:36:05 PAGE 5   

 240   3          }
 241   2          break;
 242   2        default:
 243   2          break;
 244   2        }
 245   1      }
 246          
 247          /**
 248           * @brief  减少按键的处理事件
 249           * @note   
 250           * @retval None
 251           */
 252          void reduce()
 253          {
 254   1        switch (menuFlag)
 255   1        {
 256   2        case 0:
 257   2          if (voiceFlag == 0)
 258   2          {
 259   3            voiceFlag = 1;
 260   3            delay_ms(1000);
 261   3          }
 262   2          else
 263   2          {
 264   3            voiceFlag = 0;
 265   3            BUZZ = 0;
 266   3            delay_ms(800);
 267   3            BUZZ = 1;
 268   3          }
 269   2          break;
 270   2        case 1:
 271   2          switch (psDigits)
 272   2          {
 273   3          case 0:
 274   3            mima5--;
 275   3            if (mima5 == 255)
 276   3              mima5 = 9;
 277   3            break;
 278   3          case 1:
 279   3            mima6--;
 280   3            if (mima6 == 255)
 281   3              mima6 = 9;
 282   3            break;
 283   3          case 2:
 284   3            mima7--;
 285   3            if (mima7 == 255)
 286   3              mima7 = 9;
 287   3            break;
 288   3          case 3:
 289   3            mima8--;
 290   3            if (mima8 == 255)
 291   3              mima8 = 9;
 292   3            break;
 293   3          }
 294   2          break;
 295   2        case 2:
 296   2          dB--;
 297   2          if (dB == 255)
 298   2            dB = 99;
 299   2          break;
 300   2        case 3:
 301   2          Freq_Parm--;
C51 COMPILER V9.59.0.0   GUI                                                               04/08/2021 12:36:05 PAGE 6   

 302   2          if (Freq_Parm < 1)
 303   2            Freq_Parm = 9;
 304   2          break;
 305   2        case 4:
 306   2          //密码重置
 307   2          switch (psDigits)
 308   2          {
 309   3          case 0:
 310   3            mima5--;
 311   3            if (mima5 == 255)
 312   3              mima5 = 9;
 313   3            break;
 314   3          case 1:
 315   3            mima6--;
 316   3            if (mima6 == 255)
 317   3              mima6 = 9;
 318   3            break;
 319   3          case 2:
 320   3            mima7--;
 321   3            if (mima7 == 255)
 322   3              mima7 = 9;
 323   3            break;
 324   3          case 3:
 325   3            mima8--;
 326   3            if (mima8 == 255)
 327   3              mima8 = 9;
 328   3            break;
 329   3          }
 330   2          break;
 331   2        default:
 332   2          break;
 333   2        }
 334   1      }
 335          
 336          /**
 337           * @brief  确定按键的处理事件
 338           * @note   
 339           * @retval None
 340           */
 341          void enter()
 342          {
 343   1        switch (menuFlag)
 344   1        {
 345   2        case 0:
 346   2          break;
 347   2        case 1:
 348   2          passwordCheck();
 349   2          break;
 350   2        case 2:
 351   2          alarmLine = 60 + (99 - dB);
 352   2          savePassword();
 353   2          menuFlag=4;
 354   2          break;
 355   2        case 3:
 356   2          menuFlag = 0;
 357   2          saveFreq(Freq_Parm);
 358   2          break;
 359   2        case 4:
 360   2          resetPassword();
 361   2          break;
 362   2        default:
 363   2          break;
C51 COMPILER V9.59.0.0   GUI                                                               04/08/2021 12:36:05 PAGE 7   

 364   2        }
 365   1      }
 366          
 367          /**
 368           * @brief  密码校验
 369           * @note   
 370           * @retval None
 371           */
 372          void passwordCheck()
 373          {
 374   1        UartSend(mima1);
 375   1        UartSend(mima2);
 376   1        UartSend(mima3);
 377   1        UartSend(mima4);
 378   1        //-----超级密码判断成功进入密码重置环节---------------------------------------------------
 379   1        if (mima5 == 8 && mima6 == 8 && mima7 == 8 && mima8 == 8)
 380   1        {
 381   2          delay_ms(800);
 382   2          menuFlag = 4; //进入密码重置环节
 383   2          //CD_flag=4;ID1=0;
 384   2          mima5 = 1;
 385   2          mima6 = 1;
 386   2          mima7 = 1;
 387   2          mima8 = 1; //密码显示数字重置
 388   2          psDigits = 0;
 389   2        } //-----密码判断正确---------------------------------------------------
 390   1        else if (mima5 == mima1 && mima6 == mima2 && mima7 == mima3 && mima8 == mima4)
 391   1        {
 392   2      
 393   2          AiP650_Set_1(0x68, DISPLAY_CODE[13]);
 394   2          checkResult();
 395   2          delay_ms(800);
 396   2          menuFlag = 2; //进入灵敏度设置
 397   2        }
 398   1        else
 399   1        {
 400   2          //密码校验错误
 401   2          AiP650_Set_1(0x68, DISPLAY_CODE[15]);
 402   2          checkResult();
 403   2          delay_ms(800);
 404   2          menuFlag = 1;
 405   2          mima5 = 1;
 406   2          mima6 = 2;
 407   2          mima7 = 3;
 408   2          mima8 = 4; //密码显示数字重置
 409   2          psDigits = 0;
 410   2        }
 411   1      }
 412          /**
 413           * @brief  重置密码
 414           * @note   
 415           * @retval None
 416           */
 417          void resetPassword()
 418          {
 419   1        mima1 = mima5;
 420   1        mima2 = mima6;
 421   1        mima3 = mima7;
 422   1        mima4 = mima8;
 423   1        //保存密码
 424   1        savePassword();
 425   1        Delay_ms(300);
C51 COMPILER V9.59.0.0   GUI                                                               04/08/2021 12:36:05 PAGE 8   

 426   1        menuFlag = 0; //密码修改完成 回到首页
 427   1        mima5 = 1;
 428   1        mima6 = 2;
 429   1        mima7 = 3;
 430   1        mima8 = 4;
 431   1      }
 432          
 433          /**
 434           * @brief  校验结果的UI显示
 435           * @note   
 436           * @retval None
 437           */
 438          void checkResult()
 439          {
 440   1        AiP650_Set_1(0x6A, DISPLAY_CODE[0]);
 441   1        AiP650_Set_1(0x6C, DISPLAY_CODE[0]);
 442   1        AiP650_Set_1(0x6E, DISPLAY_CODE[0]);
 443   1      }
 444          
 445          /**
 446           * @brief 灵敏度显示
 447           * @note   
 448           * @retval None
 449           */
 450          void dBShow()
 451          {
 452   1        AiP650_Set_1(0x68, DISPLAY_CODE[1]);
 453   1        AiP650_Set_1(0x6A, DISPLAY_CODE[10]);
 454   1        AiP650_Set_1(0x6c, DISPLAY_CODE[dB % 100 / 10]);
 455   1        AiP650_Set_1(0x6e, DISPLAY_CODE[dB % 10]);
 456   1      }
 457          
 458          /**
 459           * @brief  重置所有参数
 460           * @note   
 461           * @retval None
 462           */
 463          void reset()
 464          {
 465   1        Freq_Parm = 2;
 466   1        dB = 80;
 467   1        mima1 = 1;
 468   1        mima2 = 2;
 469   1        mima3 = 3;
 470   1        mima4 = 4;
 471   1        savePassword();
 472   1        saveFreq(Freq_Parm);
 473   1        ALARM_NUMBER = 0;
 474   1        PEOPLE_NUMBER = 0;
 475   1        BUZZ = 0;
 476   1        delay_ms(600);
 477   1        BUZZ = 1;
 478   1      }
 479          
 480          /**
 481           * @brief   按键扫描---使用按钮时开启
 482           * @note   按钮地址： A-0x47,B-0x4F,C-0x57,D-0x5F,E-0x67,F-0x6F,G-0x77
 483           * @retval 
 484           */
 485          u8 Scan_Key()
 486          {
 487   1        u8 i;
C51 COMPILER V9.59.0.0   GUI                                                               04/08/2021 12:36:05 PAGE 9   

 488   1        u8 rekey;
 489   1        I2CStart();
 490   1        I2CWrByte(0x49); //读按键命令
 491   1        I2Cask();
 492   1        for (i = 0; i < 8; i++)
 493   1        {
 494   2          CLK_H;
 495   2          rekey = rekey << 1;
 496   2          if (DIO)
 497   2          {
 498   3            rekey++;
 499   3          }
 500   2          Delay_us(10);
 501   2          CLK_L;
 502   2        }
 503   1        I2Cask();
 504   1        I2CStop();
 505   1        return (rekey);
 506   1      }
 507          
 508          /**
 509           * @brief  按键监听事件
 510           * @note   
 511           * @retval None
 512           */
 513          void KEY_CL()
 514          {
 515   1        u8 KEY;
 516   1        KEY = Scan_Key();
 517   1        switch (KEY)
 518   1        {
 519   2          //K1 菜单键
 520   2        case 0x47:
 521   2          if (menuFlag == 0)
 522   2          {
 523   3            menuFlag = 1;
 524   3          }
 525   2          else if (menuFlag == 1 || menuFlag == 4) //当菜单层在输入密码和重设密码时，按菜单键执行换位操作
 526   2          {
 527   3            psDigits++;
 528   3            if (psDigits > 3)
 529   3            {
 530   4              psDigits = 0;
 531   4            }
 532   3          }
 533   2          isPressed = KEY;
 534   2          delay_ms(300);
 535   2          break;
 536   2          //K2  设置+
 537   2        case 0x4F:
 538   2          add();
 539   2          isPressed = KEY;
 540   2          //freqFlag=1;
 541   2          delay_ms(300);
 542   2          break;
 543   2          //K3  设置-
 544   2        case 0x57:
 545   2          reduce();
 546   2          isPressed = KEY;
 547   2          delay_ms(300);
 548   2          break;
 549   2          //K4  确认
C51 COMPILER V9.59.0.0   GUI                                                               04/08/2021 12:36:05 PAGE 10  

 550   2        case 0x5F: //K2
 551   2          isPressed = KEY;
 552   2          switch (longPress)
 553   2          {
 554   3          case 0:       //第一次点击
 555   3            pressCounts = 0;
 556   3            longPress = 1;
 557   3            delay_ms(500);
 558   3            break;
 559   3          case 1:      //进入长按环节
 560   3            if (pressCounts == 10)
 561   3            {
 562   4              //长按3s
 563   4              if (longPress == 1)
 564   4              {
 565   5                longPress = 2; //进入长按环节，避免重复执行长按的操作
 566   5              }
 567   4            }
 568   3            else
 569   3            {
 570   4              delay_ms(300);
 571   4              pressCounts++;
 572   4              AiP650_DisPlayFour(8888);
 573   4                AiP650_DisPlayFour_1(8888);
 574   4            }
 575   3            break;
 576   3          case 2: 
 577   3               //长按三秒后
 578   3            //重置所有参数
 579   3            reset();
 580   3            break;
 581   3          default:
 582   3            break;
 583   3          }
 584   2          break;
 585   2        default: //松开按键和未执行按键操作时
 586   2          longPress = 0;
 587   2          pressCounts = 0;
 588   2          if (isPressed == 0x5F)
 589   2          {
 590   3            AiP650_DisPlayFour(PEOPLE_NUMBER);
 591   3            enter();
 592   3            delay_ms(300);
 593   3            isPressed = 0;
 594   3          }
 595   2          break;
 596   2        }
 597   1      }
*** WARNING C316 IN LINE 597 OF HARDWARE\GUI\GUI.c: unterminated conditionals


MODULE INFORMATION:   STATIC OVERLAYABLE
   CODE SIZE        =   1364    ----
   CONSTANT SIZE    =   ----    ----
   XDATA SIZE       =   ----    ----
   PDATA SIZE       =   ----    ----
   DATA SIZE        =     17       3
   IDATA SIZE       =   ----    ----
   BIT SIZE         =   ----    ----
END OF MODULE INFORMATION.


C51 COMPILATION COMPLETE.  1 WARNING(S),  0 ERROR(S)
