C51 COMPILER V9.59.0.0   MAIN                                                              04/09/2021 20:04:07 PAGE 1   


C51 COMPILER V9.59.0.0, COMPILATION OF MODULE MAIN
OBJECT MODULE PLACED IN .\Objects\main.obj
COMPILER INVOKED BY: D:\Keil\C51\BIN\C51.EXE MAIN\main.c OPTIMIZE(8,SPEED) BROWSE INCDIR(.\MAIN;.\delay;.\HARDWARE\AIP65
                    -0;.\HARDWARE\GUI;.\HARDWARE\PWM;.\HARDWARE\EEPROM;.\HARDWARE\ADC;.\HARDWARE\UART;.\HARDWARE\IR) DEBUG OBJECTEXTEND PRINT
                    -(.\Listings\main.lst) TABS(2) OBJECT(.\Objects\main.obj)

line level    source

   1          #include "STC8G.H"
   2          #include "intrins.h"
   3          #include "main.h"
   4          //#include  "GPIO.h"
   5          #include "delay.h"
   6          #include "AIP650.h"
   7          #include "PWM.h"
   8          #include "GUI.h"
   9          #include "EEPROM.h"
  10          #include "ADC.h"
  11          #include "uart.h"
  12          #include "IR.h"
  13          
  14          extern u8 menuFlag; //菜单
  15          
  16          
  17          /**
  18           * @brief  IO口初始化
  19           * @note   
  20           * @retval None
  21           */
  22          void IO_init(void)
  23          {
  24   1        P0M1 &= 0x00;
  25   1        P0M0 &= 0x00; //设置P0为准双向口
  26   1        P1M1 &= 0x00;
  27   1        P1M0 &= 0x00; //设置P1为准双向口
  28   1        P2M1 &= 0x00;
  29   1        P2M0 &= 0x00; //设置P2为准双向口
  30   1        P3M1 &= 0x00;
  31   1        P3M0 &= 0x00; //设置P3为准双向口
  32   1        P4M1 &= 0x00;
  33   1        P4M0 &= 0x00; //设置P4为准双向口
  34   1        P5M1 &= 0x00;
  35   1        P5M0 &= 0x00; //设置P5为准双向口
  36   1        P6M1 &= 0x00;
  37   1        P6M0 &= 0x00; //设置P6为准双向口
  38   1        P7M1 &= 0x00;
  39   1        P7M0 &= 0x00; //设置P7为准双向口
  40   1      }
  41          
  42          
  43          /**
  44           * @brief  主函数
  45           * @note   
  46           * @retval None
  47           */
  48          void main()
  49          {
  50   1        IO_init();
  51   1        Light_Level_Set(6);
  52   1        Light_Level_Set_1(6);
  53   1        EEPROM_init();
C51 COMPILER V9.59.0.0   MAIN                                                              04/09/2021 20:04:07 PAGE 2   

  54   1        adc_init(ADC_SYSclk_DIV_2); //初始化ADC,P1.0通道 ，ADC时钟频率：SYSclk/2
  55   1        menuFlag = 0;
  56   1        UartInit();
  57   1        delay_ms(10000);
  58   1        initHardware();
  59   1        delay_ms(5000);
  60   1        while (1)
  61   1        {
  62   2          menuUI();
  63   2          KEY_CL();        
  64   2          if (menuFlag==0)
  65   2          {
  66   3          IRCheck();
  67   3          Fore_XS();        
  68   3          IR_Fore();
  69   3          ADC();
  70   3          }
  71   2        }
  72   1      
  73   1      }
  74          
  75          /**
  76           * @brief  初始化硬件
  77           * @note   
  78           * @retval None
  79           */
  80          void initHardware(){
  81   1        u16 i;
  82   1        for ( i = 0; i < 2; i++)
  83   1        {
  84   2        LED1=0;
  85   2        delay_ms(800);
  86   2        LED1=1;
  87   2        LED2=0;
  88   2        delay_ms(800);
  89   2        LED2=1;
  90   2        LED3=0;
  91   2        delay_ms(800);
  92   2        LED3=1;
  93   2        LED4=0;
  94   2        delay_ms(800);
  95   2        LED4=1;
  96   2        LED5=0;
  97   2        delay_ms(800);
  98   2        LED5=1;
  99   2        LED6=0;
 100   2        delay_ms(800);
 101   2        LED6=1; 
 102   2        }
 103   1        BUZZ=0;
 104   1        delay_ms(800);
 105   1        BUZZ=1;
 106   1      
 107   1      }
*** WARNING C316 IN LINE 107 OF MAIN\main.c: unterminated conditionals


MODULE INFORMATION:   STATIC OVERLAYABLE
   CODE SIZE        =    217    ----
   CONSTANT SIZE    =   ----    ----
   XDATA SIZE       =   ----    ----
   PDATA SIZE       =   ----    ----
C51 COMPILER V9.59.0.0   MAIN                                                              04/09/2021 20:04:07 PAGE 3   

   DATA SIZE        =   ----       2
   IDATA SIZE       =   ----    ----
   BIT SIZE         =   ----    ----
END OF MODULE INFORMATION.


C51 COMPILATION COMPLETE.  1 WARNING(S),  0 ERROR(S)
