C51 COMPILER V9.60.0.0   UART                                                              04/05/2021 15:05:22 PAGE 1   


C51 COMPILER V9.60.0.0, COMPILATION OF MODULE UART
OBJECT MODULE PLACED IN .\Objects\uart.obj
COMPILER INVOKED BY: D:\Keil\C51\c51v960a\C51\BIN\C51.EXE HARDWARE\UART\uart.c OPTIMIZE(8,SPEED) BROWSE INCDIR(.\MAIN;.\
                    -delay;.\HARDWARE\AIP650;.\HARDWARE\GUI;.\HARDWARE\PWM;.\HARDWARE\EEPROM;.\HARDWARE\ADC;.\HARDWARE\UART;.\HARDWARE\IR) DE
                    -BUG OBJECTEXTEND PRINT(.\Listings\uart.lst) TABS(2) OBJECT(.\Objects\uart.obj)

line level    source

   1          #include "STC8G.H"
   2          #include "uart.h"
   3          #include "main.h"
   4          
   5          
   6          #define BRT (65536-MAIN_Fosc/115200/4)     //波特率初值
   7          
   8          u8  wptr;
   9          u8  rptr;
  10          bit busy;          //位标量 只表示一位 0或者1
  11          u8  buffer[16];
  12          
  13          
  14          /* 
  15            功能描述：串口1初始化
  16           */
  17          void UartInit(){
  18   1           SCON=0x50;           //串口控制寄存器  --0011 0000 选择模式0（同步移位串行方式）
  19   1           T2L=BRT;             
  20   1           T2H=BRT>>8;          
  21   1           AUXR=0x15;          //辅助寄存器 0001 0011 ：串口1模式0的波特率不加倍 ，波特率发射器选择定时器2作为发
             -射器
  22   1           wptr=0x00;
  23   1           rptr=0x00;
  24   1           busy=0;
  25   1           ES=1;              //串行口中断允许 1
  26   1           EA=1;              //全局中断允许 1
  27   1      }
  28          
  29          
  30          /*
  31           功能描述：往串口发送一个字节
  32           参数说明：要发送的数据
  33          */
  34          void UartSend(u8 dat){
  35   1           while (busy);
  36   1           busy=1;
  37   1           SBUF=dat;     
  38   1      }
  39          
  40          /*
  41            功能描述：往串口发送一个字符串
  42            参数说明：字符指针
  43          */
  44          void UartSendStr(u8 *p){
  45   1          while (*p)
  46   1          {
  47   2              UartSend(*p++);
  48   2          }
  49   1      }
  50          
  51          void UartSendu16(u16 dat){
  52   1         u8 datL=dat;
C51 COMPILER V9.60.0.0   UART                                                              04/05/2021 15:05:22 PAGE 2   

  53   1         u8 datH=dat>>8;
  54   1         UartSend(datH);
  55   1         UartSend(datL);
  56   1          
  57   1      }
  58          
  59          /*
  60          *功能描述：中断函数
  61          *interrupt 4表示串行口中断
  62          */
  63          void UartInterrupt() interrupt 4 using 1{
  64   1          if (TI)
  65   1          {
  66   2              TI=0;
  67   2              busy=0;
  68   2          }
  69   1          if (RI)
  70   1          {
  71   2              RI=0;
  72   2              buffer[wptr++]=SBUF;
  73   2              wptr &=0x0f;
  74   2              
  75   2          }
  76   1      }
  77          
  78          
  79          
  80           
*** WARNING C316 IN LINE 80 OF HARDWARE\UART\uart.c: unterminated conditionals


MODULE INFORMATION:   STATIC OVERLAYABLE
   CODE SIZE        =    120    ----
   CONSTANT SIZE    =   ----    ----
   XDATA SIZE       =   ----    ----
   PDATA SIZE       =   ----    ----
   DATA SIZE        =     18       3
   IDATA SIZE       =   ----    ----
   BIT SIZE         =      1    ----
END OF MODULE INFORMATION.


C51 COMPILATION COMPLETE.  1 WARNING(S),  0 ERROR(S)
